Added Component: Designator=*(TFT-320x240)
Add component (AddParameter): Name = "Supplier"; Value = ""; VariantName = "[No Variations]"
Add component (AddParameter): Name = "Value"; Value = "TFT_320x240"; VariantName = "[No Variations]"
Added Pin To Net: NetName=3V3 Pin=*-1
Added Pin To Net: NetName=GND Pin=*-2
Added Pin To Net: NetName=GND Pin=*-2
Added Pin To Net: NetName=GND Pin=*-2
Added Pin To Net: NetName=GND Pin=*-2
Added Pin To Net: NetName=GND Pin=*-2
Added Pin To Net: NetName=CS Pin=*-3
Added Pin To Net: NetName=RST Pin=*-4
Added Pin To Net: NetName=DC Pin=*-5
Added Pin To Net: NetName=MOSI Pin=*-6
Added Pin To Net: NetName=SCK Pin=*-7
Added Pin To Net: NetName=3V3 Pin=*-8
Added Pin To Net: NetName=MISO Pin=*-9
Added Pin To Net: NetName=3V3 Pin=J3-1
Added Pin To Net: NetName=GND Pin=J3-2
Added Pin To Net: NetName=3V3 Pin=J3-4
Added Pin To Net: NetName=GND Pin=J3-5
Added Pin To Net: NetName=SD Pin=J3-3
Added Pin To Net: NetName=SD Pin=U1-12
Added Net: Name=SD
Added Member To Class: ClassName=Schematic Member=Component * TFT_320x240
Added Member To Class: ClassName=Schematic Member=Component J3 5-146280-5
