Added Component: Designator=D1(LED_LTST-C170GKT)
Add component (AddParameter): Name = "Check_prices"; Value = "https://www.snapeda.com/parts/LTST-C170GKT/Lite-On/view-part/?ref=eda"; VariantName = "[No Variations]"
Add component (AddParameter): Name = "MF"; Value = "Lite-On Inc."; VariantName = "[No Variations]"
Add component (AddParameter): Name = "MP"; Value = "LTST-C170GKT"; VariantName = "[No Variations]"
Add component (AddParameter): Name = "Package"; Value = "0805 Lite-On Inc."; VariantName = "[No Variations]"
Add component (AddParameter): Name = "SnapEDA_Link"; Value = "https://www.snapeda.com/parts/LTST-C170GKT/Lite-On/view-part/?ref=snap"; VariantName = "[No Variations]"
Add component (AddParameter): Name = "Value"; Value = ""; VariantName = "[No Variations]"
Added Component: Designator=R1(RESC1005X40N)
Add component (AddParameter): Name = "Check_prices"; Value = "https://www.snapeda.com/parts/RC0402FR-07150RL/Yageo/view-part/?ref=eda"; VariantName = "[No Variations]"
Add component (AddParameter): Name = "MF"; Value = "Yageo"; VariantName = "[No Variations]"
Add component (AddParameter): Name = "MP"; Value = "RC0402FR-07150RL"; VariantName = "[No Variations]"
Add component (AddParameter): Name = "Package"; Value = "1005 Panasonic Electronic Components"; VariantName = "[No Variations]"
Add component (AddParameter): Name = "SnapEDA_Link"; Value = "https://www.snapeda.com/parts/RC0402FR-07150RL/Yageo/view-part/?ref=snap"; VariantName = "[No Variations]"
Add component (AddParameter): Name = "Value"; Value = ""; VariantName = "[No Variations]"
Added Pin To Net: NetName=GND Pin=D1-1
Added Pin To Net: NetName=3V3 Pin=R1-1
Added Pin To Net: NetName=NetD1_2 Pin=D1-2
Added Pin To Net: NetName=NetD1_2 Pin=R1-2
Added Net: Name=NetD1_2
Added Member To Class: ClassName=Schematic Member=Component D1 LTST-C170GKT
Added Member To Class: ClassName=Schematic Member=Component R1 150ohm
